2026-01-19 23:41:23,291 [INFO] Activator:176 - 


2026-01-19 23:41:23,292 [INFO] Activator:177 - !SESSION log4j initialized
2026-01-19 23:41:25,941 [INFO] LogOutputStream:77 - [STDOUT_REDIRECT] 
2026-01-19 23:41:36,936 [INFO] ApplicationProperties:184 - Using Application install path: C:\ST\STM32CubeIDE_1.16.0\STM32CubeIDE\plugins\com.st.stm32cube.common.mx_6.13.0.202411220809
2026-01-19 23:41:36,949 [INFO] DbMcusXml:78 - Set database path to: C:\ST\STM32CubeIDE_1.16.0\STM32CubeIDE\plugins\com.st.stm32cube.common.mx_6.13.0.202411220809\\db\/mcu/
2026-01-19 23:41:36,949 [INFO] ApiDb:274 - Set plugin database path to: C:\ST\STM32CubeIDE_1.16.0\STM32CubeIDE\plugins\com.st.stm32cube.common.mx_6.13.0.202411220809\\db\/plugins/boardmanager/
2026-01-19 23:41:36,950 [WARN] ApiDb:259 - Overriding images path with different value:  => C:\ST\STM32CubeIDE_1.16.0\STM32CubeIDE\plugins\com.st.stm32cube.common.mx_6.13.0.202411220809\\db\/plugins/mcufinder/images/
2026-01-19 23:41:36,956 [INFO] ApiDb:250 - Set database path to: C:\Users\imjus\.stmcufinder\plugins\mcufinder//mcu/
2026-01-19 23:41:36,957 [INFO] DbMcusAds:125 - Set database path to: C:\Users\imjus\.stmcufinder\plugins\mcufinder//mcu/
2026-01-19 23:41:37,006 [INFO] CrossReferenceDbSqlite:203 - Set database path to: C:\Users\imjus\.stmcufinder\plugins\mcufinder//mcu/cs/
2026-01-19 23:41:37,081 [INFO] RulesReader:64 - Compatibility file has been processed (297 Rules)
2026-01-19 23:41:37,148 [INFO] DbMcusXml:78 - Set database path to: C:\ST\STM32CubeIDE_1.16.0\STM32CubeIDE\plugins\com.st.stm32cube.common.mx_6.13.0.202411220809\\db\/mcu/
2026-01-19 23:41:37,148 [INFO] ApiDb:274 - Set plugin database path to: C:\ST\STM32CubeIDE_1.16.0\STM32CubeIDE\plugins\com.st.stm32cube.common.mx_6.13.0.202411220809\\db\/plugins/boardmanager/
2026-01-19 23:41:37,148 [INFO] ApiDb:261 - Set plugin images path to: C:\ST\STM32CubeIDE_1.16.0\STM32CubeIDE\plugins\com.st.stm32cube.common.mx_6.13.0.202411220809\\db\/plugins/mcufinder/images/
2026-01-19 23:41:37,148 [WARN] DbFile:41 - Overriding database path with different value: C:\Users\imjus\.stmcufinder\plugins\mcufinder/ => C:\Users\imjus\.stmcufinder\plugins\mcufinder
2026-01-19 23:41:37,148 [INFO] ApiDb:250 - Set database path to: C:\Users\imjus\.stmcufinder\plugins\mcufinder//mcu/
2026-01-19 23:41:37,148 [WARN] DbFile:41 - Overriding database path with different value: C:\Users\imjus\.stmcufinder\plugins\mcufinder/ => C:\Users\imjus\.stmcufinder\plugins\mcufinder
2026-01-19 23:41:37,148 [INFO] DbMcusAds:125 - Set database path to: C:\Users\imjus\.stmcufinder\plugins\mcufinder//mcu/
2026-01-19 23:41:37,148 [WARN] DbFile:41 - Overriding database path with different value: C:\Users\imjus\.stmcufinder\plugins\mcufinder/ => C:\Users\imjus\.stmcufinder\plugins\mcufinder
2026-01-19 23:41:37,148 [WARN] DbFile:41 - Overriding database path with different value: C:\Users\imjus\.stmcufinder\plugins\mcufinder/ => C:\Users\imjus\.stmcufinder\plugins\mcufinder
2026-01-19 23:41:37,148 [INFO] CrossReferenceDbSqlite:203 - Set database path to: C:\Users\imjus\.stmcufinder\plugins\mcufinder//mcu/cs/
2026-01-19 23:41:37,201 [INFO] MainPanel:272 - HeapMemory: 268435456
2026-01-19 23:41:37,305 [INFO] DbMcusXml:78 - Set database path to: C:\ST\STM32CubeIDE_1.16.0\STM32CubeIDE\plugins\com.st.stm32cube.common.mx_6.13.0.202411220809\\db\/mcu/
2026-01-19 23:41:37,305 [INFO] ApiDb:274 - Set plugin database path to: C:\ST\STM32CubeIDE_1.16.0\STM32CubeIDE\plugins\com.st.stm32cube.common.mx_6.13.0.202411220809\\db\/plugins/boardmanager/
2026-01-19 23:41:37,305 [INFO] ApiDb:261 - Set plugin images path to: C:\ST\STM32CubeIDE_1.16.0\STM32CubeIDE\plugins\com.st.stm32cube.common.mx_6.13.0.202411220809\\db\/plugins/mcufinder/images/
2026-01-19 23:41:37,305 [WARN] DbFile:41 - Overriding database path with different value: C:\Users\imjus\.stmcufinder\plugins\mcufinder/ => C:\Users\imjus\.stmcufinder\plugins\mcufinder
2026-01-19 23:41:37,305 [INFO] ApiDb:250 - Set database path to: C:\Users\imjus\.stmcufinder\plugins\mcufinder//mcu/
2026-01-19 23:41:37,306 [WARN] DbFile:41 - Overriding database path with different value: C:\Users\imjus\.stmcufinder\plugins\mcufinder/ => C:\Users\imjus\.stmcufinder\plugins\mcufinder
2026-01-19 23:41:37,306 [INFO] DbMcusAds:125 - Set database path to: C:\Users\imjus\.stmcufinder\plugins\mcufinder//mcu/
2026-01-19 23:41:37,306 [WARN] DbFile:41 - Overriding database path with different value: C:\Users\imjus\.stmcufinder\plugins\mcufinder/ => C:\Users\imjus\.stmcufinder\plugins\mcufinder
2026-01-19 23:41:37,306 [WARN] DbFile:41 - Overriding database path with different value: C:\Users\imjus\.stmcufinder\plugins\mcufinder/ => C:\Users\imjus\.stmcufinder\plugins\mcufinder
2026-01-19 23:41:37,306 [INFO] CrossReferenceDbSqlite:203 - Set database path to: C:\Users\imjus\.stmcufinder\plugins\mcufinder//mcu/cs/
2026-01-19 23:41:37,319 [INFO] ApplicationProperties:184 - Using Application install path: C:\ST\STM32CubeIDE_1.16.0\STM32CubeIDE\plugins\com.st.stm32cube.common.mx_6.13.0.202411220809
2026-01-19 23:41:37,320 [INFO] PluginManage:196 - Search for loadable plugins [exclusion list=, ]
2026-01-19 23:41:37,321 [INFO] PluginManage:310 - Check plugin analytics
2026-01-19 23:41:46,895 [INFO] AnalyticsPlugin:253 - Accepted Software Licenses: 
2026-01-19 23:41:46,895 [INFO] AnalyticsPlugin:255 - Accepted CMSIS Pack Licenses: STMicroelectronics.X-CUBE-TOUCHGFX.4.24.0
2026-01-19 23:41:46,895 [INFO] AnalyticsPlugin:257 - Accepted Firmware Licenses: FW.F4.1.28.0,FW.F7.1.17.0
2026-01-19 23:41:46,895 [INFO] PluginManage:359 - Loaded plugin analytics (category:tool,tabindex:-1)
2026-01-19 23:41:46,896 [INFO] PluginManage:310 - Check plugin cadmodel
2026-01-19 23:41:46,912 [INFO] CADModel:105 - Init CAD model plugin
2026-01-19 23:41:46,912 [INFO] PluginManage:359 - Loaded plugin cadmodel (category:power,tabindex:5)
2026-01-19 23:41:46,912 [INFO] PluginManage:310 - Check plugin clock
2026-01-19 23:41:46,926 [INFO] PluginManage:359 - Loaded plugin clock (category:base,tabindex:2)
2026-01-19 23:41:46,926 [INFO] PluginManage:310 - Check plugin ddr
2026-01-19 23:41:46,928 [INFO] PluginManage:359 - Loaded plugin ddr (category:tool,tabindex:6)
2026-01-19 23:41:46,928 [INFO] PluginManage:310 - Check plugin filemanager
2026-01-19 23:41:47,014 [INFO] PluginManage:359 - Loaded plugin filemanager (category:base,tabindex:10)
2026-01-19 23:41:47,014 [INFO] PluginManage:310 - Check plugin ipmanager
2026-01-19 23:41:47,019 [INFO] PluginManage:359 - Loaded plugin ipmanager (category:base,tabindex:5)
2026-01-19 23:41:47,019 [INFO] PluginManage:310 - Check plugin lpbam
2026-01-19 23:41:47,035 [INFO] PluginManage:359 - Loaded plugin lpbam (category:base,tabindex:0)
2026-01-19 23:41:47,035 [INFO] PluginManage:310 - Check plugin memorymap
2026-01-19 23:41:47,056 [INFO] PluginManage:359 - Loaded plugin memorymap (category:base,tabindex:4)
2026-01-19 23:41:47,056 [INFO] PluginManage:310 - Check plugin pinoutandconfiguration
2026-01-19 23:41:47,073 [INFO] PluginManage:359 - Loaded plugin pinoutandconfiguration (category:base,tabindex:1)
2026-01-19 23:41:47,073 [INFO] PluginManage:310 - Check plugin pinoutconfig
2026-01-19 23:41:47,136 [WARN] SupportedApi:132 - Cannot load RTOS API schema: s4s-elt-must-match.1: The content of 'definitions' must match (annotation?, (simpleType | complexType)?, (unique | key | keyref)*)). A problem was found starting at: attribute.
2026-01-19 23:41:47,213 [INFO] PluginManage:359 - Loaded plugin pinoutconfig (category:base,tabindex:0)
2026-01-19 23:41:47,213 [INFO] PluginManage:310 - Check plugin power
2026-01-19 23:41:47,232 [INFO] PluginManage:359 - Loaded plugin power (category:power,tabindex:4)
2026-01-19 23:41:47,232 [INFO] PluginManage:310 - Check plugin projectmanager
2026-01-19 23:41:47,242 [INFO] PluginManage:359 - Loaded plugin projectmanager (category:projectmanager,tabindex:4)
2026-01-19 23:41:47,242 [INFO] PluginManage:310 - Check plugin rif
2026-01-19 23:41:47,258 [INFO] PluginManage:359 - Loaded plugin rif (category:base,tabindex:3)
2026-01-19 23:41:47,258 [INFO] PluginManage:310 - Check plugin thirdparty
2026-01-19 23:41:47,472 [INFO] PluginManage:359 - Loaded plugin thirdparty (category:base,tabindex:-1)
2026-01-19 23:41:47,472 [WARN] IntegrityCheckThread:84 - waiting for thirdparty lock release [integrity check]
2026-01-19 23:41:47,472 [INFO] PluginManage:310 - Check plugin tools
2026-01-19 23:41:47,472 [INFO] IntegrityCheckThread:86 - entering critical section [integrity check]
2026-01-19 23:41:47,473 [INFO] ThirdPartyUpdaterWithRetryManager:70 - Updater plugin not ready yet. [1/15]
2026-01-19 23:41:47,499 [INFO] PluginManage:359 - Loaded plugin tools (category:base,tabindex:7)
2026-01-19 23:41:47,499 [INFO] PluginManage:310 - Check plugin tutovideos
2026-01-19 23:41:47,609 [INFO] PluginManage:359 - Loaded plugin tutovideos (category:base,tabindex:-1)
2026-01-19 23:41:47,609 [INFO] PluginManage:310 - Check plugin updater
2026-01-19 23:41:47,623 [INFO] PluginManage:359 - Loaded plugin updater (category:base,tabindex:12)
2026-01-19 23:41:47,623 [INFO] PluginManage:310 - Check plugin userauth
2026-01-19 23:41:47,625 [INFO] UserAuth:118 - Init User Auth plugin
2026-01-19 23:41:47,626 [INFO] PluginManage:359 - Loaded plugin userauth (category:base,tabindex:14)
2026-01-19 23:41:47,626 [INFO] PluginManage:283 - PluginManage : Loaded plugins [18]
2026-01-19 23:41:47,753 [INFO] PinOutPanel:1589 - setPackage(No Configuration,No Configuration)
2026-01-19 23:41:47,805 [INFO] CADModel:165 - CPN selected for project level
2026-01-19 23:41:47,805 [INFO] CADModel:114 - Register for checkConnection events
2026-01-19 23:41:47,826 [INFO] IPUIPlugin:80 - create IPUIPlugin
2026-01-19 23:41:47,826 [INFO] PluginManager:220 - loadIPPluginJar : add adc
2026-01-19 23:41:47,854 [INFO] IPUIPlugin:80 - create IPUIPlugin
2026-01-19 23:41:47,854 [INFO] PluginManager:220 - loadIPPluginJar : add aes
2026-01-19 23:41:47,883 [INFO] IPUIPlugin:80 - create IPUIPlugin
2026-01-19 23:41:47,883 [INFO] PluginManager:220 - loadIPPluginJar : add can
2026-01-19 23:41:47,901 [INFO] IPUIPlugin:80 - create IPUIPlugin
2026-01-19 23:41:47,901 [INFO] PluginManager:220 - loadIPPluginJar : add comp
2026-01-19 23:41:47,925 [INFO] IPUIPlugin:80 - create IPUIPlugin
2026-01-19 23:41:47,926 [INFO] PluginManager:220 - loadIPPluginJar : add cryp
2026-01-19 23:41:47,935 [INFO] IPUIPlugin:80 - create IPUIPlugin
2026-01-19 23:41:47,935 [INFO] PluginManager:220 - loadIPPluginJar : add ddr_ctrl_phy
2026-01-19 23:41:47,957 [INFO] IPUIPlugin:80 - create IPUIPlugin
2026-01-19 23:41:47,957 [INFO] PluginManager:220 - loadIPPluginJar : add dfsdm
2026-01-19 23:41:47,968 [INFO] IPUIPlugin:80 - create IPUIPlugin
2026-01-19 23:41:47,968 [INFO] PluginManager:220 - loadIPPluginJar : add dma
2026-01-19 23:41:47,994 [INFO] IPUIPlugin:80 - create IPUIPlugin
2026-01-19 23:41:47,994 [INFO] PluginManager:220 - loadIPPluginJar : add dma3
2026-01-19 23:41:48,024 [INFO] IPUIPlugin:80 - create IPUIPlugin
2026-01-19 23:41:48,025 [INFO] PluginManager:220 - loadIPPluginJar : add extmemmanager
2026-01-19 23:41:48,040 [INFO] IPUIPlugin:80 - create IPUIPlugin
2026-01-19 23:41:48,040 [INFO] PluginManager:220 - loadIPPluginJar : add fatfs
2026-01-19 23:41:48,072 [INFO] IPUIPlugin:80 - create IPUIPlugin
2026-01-19 23:41:48,072 [INFO] PluginManager:220 - loadIPPluginJar : add fmc
2026-01-19 23:41:48,084 [INFO] IPUIPlugin:80 - create IPUIPlugin
2026-01-19 23:41:48,084 [INFO] PluginManager:220 - loadIPPluginJar : add freertos
2026-01-19 23:41:48,100 [INFO] IPUIPlugin:80 - create IPUIPlugin
2026-01-19 23:41:48,100 [INFO] PluginManager:220 - loadIPPluginJar : add genericplugin
2026-01-19 23:41:48,162 [INFO] IPUIPlugin:80 - create IPUIPlugin
2026-01-19 23:41:48,162 [INFO] PluginManager:220 - loadIPPluginJar : add gfxmmu
2026-01-19 23:41:48,245 [INFO] IPUIPlugin:80 - create IPUIPlugin
2026-01-19 23:41:48,246 [INFO] PluginManager:220 - loadIPPluginJar : add gic
2026-01-19 23:41:48,256 [INFO] IPUIPlugin:80 - create IPUIPlugin
2026-01-19 23:41:48,256 [INFO] PluginManager:220 - loadIPPluginJar : add gpio
2026-01-19 23:41:48,321 [INFO] IPUIPlugin:80 - create IPUIPlugin
2026-01-19 23:41:48,321 [INFO] PluginManager:220 - loadIPPluginJar : add gtzc
2026-01-19 23:41:48,343 [INFO] IPUIPlugin:80 - create IPUIPlugin
2026-01-19 23:41:48,343 [INFO] PluginManager:220 - loadIPPluginJar : add hash
2026-01-19 23:41:48,378 [INFO] IPUIPlugin:80 - create IPUIPlugin
2026-01-19 23:41:48,378 [INFO] PluginManager:220 - loadIPPluginJar : add i2c
2026-01-19 23:41:48,405 [INFO] IPUIPlugin:80 - create IPUIPlugin
2026-01-19 23:41:48,405 [INFO] PluginManager:220 - loadIPPluginJar : add i2s
2026-01-19 23:41:48,433 [INFO] IPUIPlugin:80 - create IPUIPlugin
2026-01-19 23:41:48,433 [INFO] PluginManager:220 - loadIPPluginJar : add i3c
2026-01-19 23:41:48,503 [INFO] IPUIPlugin:80 - create IPUIPlugin
2026-01-19 23:41:48,504 [INFO] PluginManager:220 - loadIPPluginJar : add ipddr
2026-01-19 23:41:48,598 [INFO] IPUIPlugin:80 - create IPUIPlugin
2026-01-19 23:41:48,598 [INFO] PluginManager:220 - loadIPPluginJar : add linkedlist
2026-01-19 23:41:48,626 [INFO] IPUIPlugin:80 - create IPUIPlugin
2026-01-19 23:41:48,626 [INFO] PluginManager:220 - loadIPPluginJar : add lorawan
2026-01-19 23:41:48,654 [INFO] IPUIPlugin:80 - create IPUIPlugin
2026-01-19 23:41:48,654 [INFO] PluginManager:220 - loadIPPluginJar : add ltdc
2026-01-19 23:41:48,665 [INFO] IPUIPlugin:80 - create IPUIPlugin
2026-01-19 23:41:48,665 [INFO] PluginManager:220 - loadIPPluginJar : add mdma
2026-01-19 23:41:48,674 [INFO] IPUIPlugin:80 - create IPUIPlugin
2026-01-19 23:41:48,675 [INFO] PluginManager:220 - loadIPPluginJar : add nvic
2026-01-19 23:41:48,706 [INFO] IPUIPlugin:80 - create IPUIPlugin
2026-01-19 23:41:48,706 [INFO] PluginManager:220 - loadIPPluginJar : add opamp
2026-01-19 23:41:48,751 [INFO] IPUIPlugin:80 - create IPUIPlugin
2026-01-19 23:41:48,751 [INFO] PluginManager:220 - loadIPPluginJar : add openamp
2026-01-19 23:41:48,781 [INFO] IPUIPlugin:80 - create IPUIPlugin
2026-01-19 23:41:48,781 [INFO] PluginManager:220 - loadIPPluginJar : add pdm2pcm
2026-01-19 23:41:48,792 [INFO] IPUIPlugin:80 - create IPUIPlugin
2026-01-19 23:41:48,793 [INFO] PluginManager:220 - loadIPPluginJar : add plateformsettings
2026-01-19 23:41:48,813 [INFO] IPUIPlugin:80 - create IPUIPlugin
2026-01-19 23:41:48,813 [INFO] PluginManager:220 - loadIPPluginJar : add quadspi
2026-01-19 23:41:48,834 [INFO] IPUIPlugin:80 - create IPUIPlugin
2026-01-19 23:41:48,835 [INFO] PluginManager:220 - loadIPPluginJar : add radio
2026-01-19 23:41:48,845 [INFO] IPUIPlugin:80 - create IPUIPlugin
2026-01-19 23:41:48,845 [INFO] PluginManager:220 - loadIPPluginJar : add resmgrutility
2026-01-19 23:41:48,877 [INFO] IPUIPlugin:80 - create IPUIPlugin
2026-01-19 23:41:48,877 [INFO] PluginManager:220 - loadIPPluginJar : add sai
2026-01-19 23:41:48,903 [INFO] IPUIPlugin:80 - create IPUIPlugin
2026-01-19 23:41:48,903 [INFO] PluginManager:220 - loadIPPluginJar : add spi
2026-01-19 23:41:48,948 [INFO] IPUIPlugin:80 - create IPUIPlugin
2026-01-19 23:41:48,948 [INFO] PluginManager:220 - loadIPPluginJar : add stm32_wpan
2026-01-19 23:41:48,966 [INFO] IPUIPlugin:80 - create IPUIPlugin
2026-01-19 23:41:48,967 [INFO] PluginManager:220 - loadIPPluginJar : add tim
2026-01-19 23:41:49,007 [INFO] IPUIPlugin:80 - create IPUIPlugin
2026-01-19 23:41:49,007 [INFO] PluginManager:220 - loadIPPluginJar : add touchsensing
2026-01-19 23:41:49,024 [INFO] IPUIPlugin:80 - create IPUIPlugin
2026-01-19 23:41:49,024 [INFO] PluginManager:220 - loadIPPluginJar : add tracer_emb
2026-01-19 23:41:49,042 [INFO] IPUIPlugin:80 - create IPUIPlugin
2026-01-19 23:41:49,042 [INFO] PluginManager:220 - loadIPPluginJar : add ts
2026-01-19 23:41:49,059 [INFO] IPUIPlugin:80 - create IPUIPlugin
2026-01-19 23:41:49,059 [INFO] PluginManager:220 - loadIPPluginJar : add tsc
2026-01-19 23:41:49,075 [INFO] IPUIPlugin:80 - create IPUIPlugin
2026-01-19 23:41:49,075 [INFO] PluginManager:220 - loadIPPluginJar : add ucpd
2026-01-19 23:41:49,105 [INFO] IPUIPlugin:80 - create IPUIPlugin
2026-01-19 23:41:49,105 [INFO] PluginManager:220 - loadIPPluginJar : add usart
2026-01-19 23:41:49,135 [INFO] IPUIPlugin:80 - create IPUIPlugin
2026-01-19 23:41:49,136 [INFO] PluginManager:220 - loadIPPluginJar : add usbx
2026-01-19 23:41:49,237 [FATAL] Updater:351 - Updater called before beeing initialized
2026-01-19 23:41:49,250 [INFO] RulesReader:64 - Compatibility file has been processed (297 Rules)
2026-01-19 23:41:49,256 [INFO] RulesReader:64 - Compatibility file has been processed (297 Rules)
2026-01-19 23:41:49,261 [INFO] CADModel:165 - CPN selected for project level
2026-01-19 23:41:49,261 [INFO] CADModel:114 - Register for checkConnection events
2026-01-19 23:41:49,261 [FATAL] Updater:351 - Updater called before beeing initialized
2026-01-19 23:41:49,261 [ERROR] CADModel:125 - Updater not yet initialized, retry later 
2026-01-19 23:41:49,369 [FATAL] Updater:351 - Updater called before beeing initialized
2026-01-19 23:41:49,370 [INFO] CADModel:165 - CPN selected for project level
2026-01-19 23:41:49,370 [INFO] CADModel:114 - Register for checkConnection events
2026-01-19 23:41:49,370 [FATAL] Updater:351 - Updater called before beeing initialized
2026-01-19 23:41:49,370 [ERROR] CADModel:125 - Updater not yet initialized, retry later 
2026-01-19 23:41:49,371 [FATAL] Updater:351 - Updater called before beeing initialized
2026-01-19 23:41:49,429 [FATAL] Updater:351 - Updater called before beeing initialized
2026-01-19 23:41:49,438 [INFO] DbMcusAds:53 - JSON generation date=Tue Dec 17 08:01:15 PST 2024 (1734451275111)
2026-01-19 23:41:49,438 [FATAL] Updater:351 - Updater called before beeing initialized
2026-01-19 23:41:49,464 [WARN] DetailPanel:346 - Failed to get advertising image, set to default
2026-01-19 23:41:49,591 [FATAL] Updater:351 - Updater called before beeing initialized
2026-01-19 23:41:49,592 [FATAL] Updater:351 - Updater called before beeing initialized
2026-01-19 23:41:49,592 [FATAL] Updater:351 - Updater called before beeing initialized
2026-01-19 23:41:49,592 [WARN] DetailPanel:346 - Failed to get advertising image, set to default
2026-01-19 23:41:49,593 [FATAL] Updater:351 - Updater called before beeing initialized
2026-01-19 23:41:49,631 [ERROR] Updater:1198 - MainUpdater not yet initialized. External WinMGr cannot be set.
2026-01-19 23:41:49,639 [INFO] Updater:1134 - Updater Version found : 6.13.0
2026-01-19 23:41:49,650 [INFO] ApplicationProperties:184 - Using Application install path: C:\ST\STM32CubeIDE_1.16.0\STM32CubeIDE\plugins\com.st.stm32cube.common.mx_6.13.0.202411220809
2026-01-19 23:41:50,474 [INFO] ThirdPartyUpdaterWithRetryManager:70 - Updater plugin not ready yet. [2/15]
2026-01-19 23:41:51,225 [ERROR] LogOutputStream:75 - [STDERR_REDIRECT] Jan 19, 2026 11:41:51 PM java.util.prefs.WindowsPreferences <init>
2026-01-19 23:41:51,227 [ERROR] LogOutputStream:75 - [STDERR_REDIRECT] WARNING: Could not open/create prefs root node Software\JavaSoft\Prefs at root 0xffffffff80000002. Windows RegCreateKeyEx(...) returned error code 5.
2026-01-19 23:41:51,227 [ERROR] LogOutputStream:75 - [STDERR_REDIRECT] 
2026-01-19 23:41:51,547 [INFO] MainUpdater:2872 - connection check result : 10
2026-01-19 23:41:51,547 [INFO] MainUpdater:3566 - Updater definition file requires update
2026-01-19 23:41:51,548 [INFO] MainUpdater:289 - Updater Check For Update Now.
2026-01-19 23:41:51,548 [INFO] MicroXplorer:498 - Change Database Version : DB.6.0.130
2026-01-19 23:41:51,564 [INFO] McuFinderGlobals:63 - Set McuFinder mode to 2 (CubeIDE integrated)
2026-01-19 23:41:51,570 [INFO] UserAuth:486 - Internet connection configuration mode: 1
2026-01-19 23:41:51,593 [INFO] JxBrowserEngine:152 - Initiate JxBrowser Engine with user profile folder
2026-01-19 23:41:51,609 [INFO] ServerAccessManage:473 - Download File updaters.zip
2026-01-19 23:41:51,688 [INFO] FileExtend:240 - Unzip File : updaters.zip
2026-01-19 23:41:51,688 [INFO] FileExtend:255 - Standard Zip Deflate
2026-01-19 23:41:52,109 [INFO] ServerAccessManage:473 - Download File PacksControlFlags.xml
2026-01-19 23:41:52,168 [INFO] ServerAccessManage:473 - Download File cubemx.pidx
2026-01-19 23:41:53,235 [INFO] ServerAccessManage:473 - Download File STMicroelectronics.FP-SNS-STBOX1.pdsc
2026-01-19 23:41:53,372 [INFO] WebApp:168 - Instantiating new browser for Auth
2026-01-19 23:41:53,474 [WARN] MainUpdater:1193 - Updater busy. Cannot search thirdparties
2026-01-19 23:41:53,474 [INFO] ThirdPartyUpdaterWithRetryManager:96 - Updater plugin is busy. [1/15]
2026-01-19 23:41:54,108 [INFO] WebApp:449 - Apply proxy settings
2026-01-19 23:41:54,109 [INFO] WebApp:534 - Chromium requires no authentication
2026-01-19 23:41:54,138 [INFO] WebApp:477 - Direct internet connection detected
2026-01-19 23:41:54,193 [INFO] WebApp:880 - Register for checkConnection events
2026-01-19 23:41:54,193 [INFO] WebApp:449 - Apply proxy settings
2026-01-19 23:41:54,193 [INFO] WebApp:534 - Chromium requires no authentication
2026-01-19 23:41:54,194 [INFO] WebApp:477 - Direct internet connection detected
2026-01-19 23:41:54,265 [INFO] ServerAccessManage:473 - Download File STMicroelectronics.FP-SNS-MOTENV1.pdsc
2026-01-19 23:41:54,359 [INFO] WebApp:187 - Connection restablished
2026-01-19 23:41:54,494 [INFO] WebApp:221 - Starting web application
2026-01-19 23:41:54,494 [INFO] WebApp:579 - Web application path used C:\ST\STM32CubeIDE_1.16.0\STM32CubeIDE\plugins\com.st.stm32cube.common.mx_6.13.0.202411220809\db\plugins\mcufinder\reactClient1\index.html
2026-01-19 23:41:54,621 [INFO] UserAuth:486 - Internet connection configuration mode: 1
2026-01-19 23:41:54,869 [INFO] ServerAccessManage:473 - Download File STMicroelectronics.FP-SNS-STAIOTCFT.pdsc
2026-01-19 23:41:54,979 [INFO] ServerAccessManage:473 - Download File STMicroelectronics.X-CUBE-AI.pdsc
2026-01-19 23:41:56,475 [WARN] MainUpdater:1193 - Updater busy. Cannot search thirdparties
2026-01-19 23:41:56,475 [INFO] ThirdPartyUpdaterWithRetryManager:96 - Updater plugin is busy. [2/15]
2026-01-19 23:41:56,579 [INFO] ServerAccessManage:473 - Download File STMicroelectronics.X-CUBE-BLEMGR.pdsc
2026-01-19 23:41:57,253 [ERROR] ServerAccessManage:1089 - Problem, file not found on Server
2026-01-19 23:41:58,437 [INFO] ServerAccessManage:473 - Download File STMicroelectronics.X-CUBE-EEPRMA1.pdsc
2026-01-19 23:41:59,476 [WARN] MainUpdater:1193 - Updater busy. Cannot search thirdparties
2026-01-19 23:41:59,476 [INFO] ThirdPartyUpdaterWithRetryManager:96 - Updater plugin is busy. [3/15]
2026-01-19 23:41:59,847 [ERROR] ServerAccessManage:1089 - Problem, file not found on Server
2026-01-19 23:42:00,527 [ERROR] ServerAccessManage:1089 - Problem, file not found on Server
2026-01-19 23:42:01,295 [INFO] ServerAccessManage:473 - Download File STMicroelectronics.X-CUBE-FREERTOS.pdsc
2026-01-19 23:42:02,076 [INFO] ServerAccessManage:473 - Download File STMicroelectronics.X-CUBE-GNSS1.pdsc
2026-01-19 23:42:02,478 [WARN] MainUpdater:1193 - Updater busy. Cannot search thirdparties
2026-01-19 23:42:02,478 [INFO] ThirdPartyUpdaterWithRetryManager:96 - Updater plugin is busy. [4/15]
2026-01-19 23:42:05,479 [WARN] MainUpdater:1193 - Updater busy. Cannot search thirdparties
2026-01-19 23:42:05,479 [INFO] ThirdPartyUpdaterWithRetryManager:96 - Updater plugin is busy. [5/15]
2026-01-19 23:42:06,607 [ERROR] ServerAccessManage:1089 - Problem, file not found on Server
2026-01-19 23:42:07,042 [ERROR] ServerAccessManage:1089 - Problem, file not found on Server
2026-01-19 23:42:07,465 [ERROR] ServerAccessManage:1089 - Problem, file not found on Server
2026-01-19 23:42:07,795 [ERROR] ServerAccessManage:1089 - Problem, file not found on Server
2026-01-19 23:42:08,250 [ERROR] ServerAccessManage:1089 - Problem, file not found on Server
2026-01-19 23:42:08,251 [ERROR] ExternalUserPreferencesManager:606 - Error while get path from external application: Cannot invoke "com.st.stm32cube.common.mx.MxActivator.getBundle()" because the return value of "com.st.stm32cube.common.mx.MxActivator.getDefault()" is null
2026-01-19 23:42:08,251 [ERROR] ExternalUserPreferencesManager:336 - Error while get preference info from external application: Cannot invoke "com.st.stm32cube.common.mx.MxActivator.getBundle()" because the return value of "com.st.stm32cube.common.mx.MxActivator.getDefault()" is null
2026-01-19 23:42:08,251 [ERROR] ExternalUserPreferencesManager:560 - Error while get preference info from external application: Cannot invoke "com.st.stm32cube.common.mx.MxActivator.getBundle()" because the return value of "com.st.stm32cube.common.mx.MxActivator.getDefault()" is null
2026-01-19 23:42:08,258 [ERROR] ExternalUserPreferencesManager:560 - Error while get preference info from external application: Cannot invoke "com.st.stm32cube.common.mx.MxActivator.getBundle()" because the return value of "com.st.stm32cube.common.mx.MxActivator.getDefault()" is null
2026-01-19 23:42:08,345 [ERROR] LogOutputStream:75 - [STDERR_REDIRECT] 
2026-01-19 23:42:15,718 [INFO] Activator:176 - 


2026-01-19 23:42:15,719 [INFO] Activator:177 - !SESSION log4j initialized
2026-01-19 23:42:17,625 [INFO] LogOutputStream:77 - [STDOUT_REDIRECT] 
2026-01-19 23:42:18,636 [INFO] ApplicationProperties:184 - Using Application install path: C:\ST\STM32CubeIDE_1.16.0\STM32CubeIDE\plugins\com.st.stm32cube.common.mx_6.13.0.202411220809
2026-01-19 23:42:18,644 [INFO] DbMcusXml:78 - Set database path to: C:\ST\STM32CubeIDE_1.16.0\STM32CubeIDE\plugins\com.st.stm32cube.common.mx_6.13.0.202411220809\\db\/mcu/
2026-01-19 23:42:18,644 [INFO] ApiDb:274 - Set plugin database path to: C:\ST\STM32CubeIDE_1.16.0\STM32CubeIDE\plugins\com.st.stm32cube.common.mx_6.13.0.202411220809\\db\/plugins/boardmanager/
2026-01-19 23:42:18,646 [WARN] ApiDb:259 - Overriding images path with different value:  => C:\ST\STM32CubeIDE_1.16.0\STM32CubeIDE\plugins\com.st.stm32cube.common.mx_6.13.0.202411220809\\db\/plugins/mcufinder/images/
2026-01-19 23:42:18,648 [INFO] ApiDb:250 - Set database path to: C:\Users\imjus\.stmcufinder\plugins\mcufinder//mcu/
2026-01-19 23:42:18,649 [INFO] DbMcusAds:125 - Set database path to: C:\Users\imjus\.stmcufinder\plugins\mcufinder//mcu/
2026-01-19 23:42:18,650 [INFO] CrossReferenceDbSqlite:203 - Set database path to: C:\Users\imjus\.stmcufinder\plugins\mcufinder//mcu/cs/
2026-01-19 23:42:18,711 [INFO] RulesReader:64 - Compatibility file has been processed (297 Rules)
2026-01-19 23:42:18,764 [INFO] DbMcusXml:78 - Set database path to: C:\ST\STM32CubeIDE_1.16.0\STM32CubeIDE\plugins\com.st.stm32cube.common.mx_6.13.0.202411220809\\db\/mcu/
2026-01-19 23:42:18,764 [INFO] ApiDb:274 - Set plugin database path to: C:\ST\STM32CubeIDE_1.16.0\STM32CubeIDE\plugins\com.st.stm32cube.common.mx_6.13.0.202411220809\\db\/plugins/boardmanager/
2026-01-19 23:42:18,764 [INFO] ApiDb:261 - Set plugin images path to: C:\ST\STM32CubeIDE_1.16.0\STM32CubeIDE\plugins\com.st.stm32cube.common.mx_6.13.0.202411220809\\db\/plugins/mcufinder/images/
2026-01-19 23:42:18,764 [WARN] DbFile:41 - Overriding database path with different value: C:\Users\imjus\.stmcufinder\plugins\mcufinder/ => C:\Users\imjus\.stmcufinder\plugins\mcufinder
2026-01-19 23:42:18,764 [INFO] ApiDb:250 - Set database path to: C:\Users\imjus\.stmcufinder\plugins\mcufinder//mcu/
2026-01-19 23:42:18,764 [WARN] DbFile:41 - Overriding database path with different value: C:\Users\imjus\.stmcufinder\plugins\mcufinder/ => C:\Users\imjus\.stmcufinder\plugins\mcufinder
2026-01-19 23:42:18,764 [INFO] DbMcusAds:125 - Set database path to: C:\Users\imjus\.stmcufinder\plugins\mcufinder//mcu/
2026-01-19 23:42:18,764 [WARN] DbFile:41 - Overriding database path with different value: C:\Users\imjus\.stmcufinder\plugins\mcufinder/ => C:\Users\imjus\.stmcufinder\plugins\mcufinder
2026-01-19 23:42:18,764 [WARN] DbFile:41 - Overriding database path with different value: C:\Users\imjus\.stmcufinder\plugins\mcufinder/ => C:\Users\imjus\.stmcufinder\plugins\mcufinder
2026-01-19 23:42:18,766 [INFO] CrossReferenceDbSqlite:203 - Set database path to: C:\Users\imjus\.stmcufinder\plugins\mcufinder//mcu/cs/
2026-01-19 23:42:18,802 [INFO] MainPanel:272 - HeapMemory: 268435456
2026-01-19 23:42:18,852 [INFO] DbMcusXml:78 - Set database path to: C:\ST\STM32CubeIDE_1.16.0\STM32CubeIDE\plugins\com.st.stm32cube.common.mx_6.13.0.202411220809\\db\/mcu/
2026-01-19 23:42:18,852 [INFO] ApiDb:274 - Set plugin database path to: C:\ST\STM32CubeIDE_1.16.0\STM32CubeIDE\plugins\com.st.stm32cube.common.mx_6.13.0.202411220809\\db\/plugins/boardmanager/
2026-01-19 23:42:18,852 [INFO] ApiDb:261 - Set plugin images path to: C:\ST\STM32CubeIDE_1.16.0\STM32CubeIDE\plugins\com.st.stm32cube.common.mx_6.13.0.202411220809\\db\/plugins/mcufinder/images/
2026-01-19 23:42:18,853 [WARN] DbFile:41 - Overriding database path with different value: C:\Users\imjus\.stmcufinder\plugins\mcufinder/ => C:\Users\imjus\.stmcufinder\plugins\mcufinder
2026-01-19 23:42:18,853 [INFO] ApiDb:250 - Set database path to: C:\Users\imjus\.stmcufinder\plugins\mcufinder//mcu/
2026-01-19 23:42:18,853 [WARN] DbFile:41 - Overriding database path with different value: C:\Users\imjus\.stmcufinder\plugins\mcufinder/ => C:\Users\imjus\.stmcufinder\plugins\mcufinder
2026-01-19 23:42:18,853 [INFO] DbMcusAds:125 - Set database path to: C:\Users\imjus\.stmcufinder\plugins\mcufinder//mcu/
2026-01-19 23:42:18,853 [WARN] DbFile:41 - Overriding database path with different value: C:\Users\imjus\.stmcufinder\plugins\mcufinder/ => C:\Users\imjus\.stmcufinder\plugins\mcufinder
2026-01-19 23:42:18,853 [WARN] DbFile:41 - Overriding database path with different value: C:\Users\imjus\.stmcufinder\plugins\mcufinder/ => C:\Users\imjus\.stmcufinder\plugins\mcufinder
2026-01-19 23:42:18,853 [INFO] CrossReferenceDbSqlite:203 - Set database path to: C:\Users\imjus\.stmcufinder\plugins\mcufinder//mcu/cs/
2026-01-19 23:42:18,863 [INFO] ApplicationProperties:184 - Using Application install path: C:\ST\STM32CubeIDE_1.16.0\STM32CubeIDE\plugins\com.st.stm32cube.common.mx_6.13.0.202411220809
2026-01-19 23:42:18,864 [INFO] PluginManage:196 - Search for loadable plugins [exclusion list=, ]
2026-01-19 23:42:18,865 [INFO] PluginManage:310 - Check plugin analytics
2026-01-19 23:42:18,963 [INFO] AnalyticsPlugin:253 - Accepted Software Licenses: 
2026-01-19 23:42:18,963 [INFO] AnalyticsPlugin:255 - Accepted CMSIS Pack Licenses: STMicroelectronics.X-CUBE-TOUCHGFX.4.24.0
2026-01-19 23:42:18,963 [INFO] AnalyticsPlugin:257 - Accepted Firmware Licenses: FW.F4.1.28.0,FW.F7.1.17.0
2026-01-19 23:42:18,964 [INFO] PluginManage:359 - Loaded plugin analytics (category:tool,tabindex:-1)
2026-01-19 23:42:18,964 [INFO] PluginManage:310 - Check plugin cadmodel
2026-01-19 23:42:18,967 [INFO] CADModel:105 - Init CAD model plugin
2026-01-19 23:42:18,967 [INFO] PluginManage:359 - Loaded plugin cadmodel (category:power,tabindex:5)
2026-01-19 23:42:18,967 [INFO] PluginManage:310 - Check plugin clock
2026-01-19 23:42:18,972 [INFO] PluginManage:359 - Loaded plugin clock (category:base,tabindex:2)
2026-01-19 23:42:18,972 [INFO] PluginManage:310 - Check plugin ddr
2026-01-19 23:42:18,973 [INFO] PluginManage:359 - Loaded plugin ddr (category:tool,tabindex:6)
2026-01-19 23:42:18,973 [INFO] PluginManage:310 - Check plugin filemanager
2026-01-19 23:42:19,051 [INFO] PluginManage:359 - Loaded plugin filemanager (category:base,tabindex:10)
2026-01-19 23:42:19,051 [INFO] PluginManage:310 - Check plugin ipmanager
2026-01-19 23:42:19,054 [INFO] PluginManage:359 - Loaded plugin ipmanager (category:base,tabindex:5)
2026-01-19 23:42:19,054 [INFO] PluginManage:310 - Check plugin lpbam
2026-01-19 23:42:19,060 [INFO] PluginManage:359 - Loaded plugin lpbam (category:base,tabindex:0)
2026-01-19 23:42:19,060 [INFO] PluginManage:310 - Check plugin memorymap
2026-01-19 23:42:19,065 [INFO] PluginManage:359 - Loaded plugin memorymap (category:base,tabindex:4)
2026-01-19 23:42:19,065 [INFO] PluginManage:310 - Check plugin pinoutandconfiguration
2026-01-19 23:42:19,069 [INFO] PluginManage:359 - Loaded plugin pinoutandconfiguration (category:base,tabindex:1)
2026-01-19 23:42:19,069 [INFO] PluginManage:310 - Check plugin pinoutconfig
2026-01-19 23:42:19,118 [WARN] SupportedApi:132 - Cannot load RTOS API schema: s4s-elt-must-match.1: The content of 'definitions' must match (annotation?, (simpleType | complexType)?, (unique | key | keyref)*)). A problem was found starting at: attribute.
2026-01-19 23:42:19,180 [INFO] PluginManage:359 - Loaded plugin pinoutconfig (category:base,tabindex:0)
2026-01-19 23:42:19,180 [INFO] PluginManage:310 - Check plugin power
2026-01-19 23:42:19,184 [INFO] PluginManage:359 - Loaded plugin power (category:power,tabindex:4)
2026-01-19 23:42:19,184 [INFO] PluginManage:310 - Check plugin projectmanager
2026-01-19 23:42:19,192 [INFO] PluginManage:359 - Loaded plugin projectmanager (category:projectmanager,tabindex:4)
2026-01-19 23:42:19,193 [INFO] PluginManage:310 - Check plugin rif
2026-01-19 23:42:19,195 [INFO] PluginManage:359 - Loaded plugin rif (category:base,tabindex:3)
2026-01-19 23:42:19,195 [INFO] PluginManage:310 - Check plugin thirdparty
2026-01-19 23:42:19,260 [WARN] IntegrityCheckThread:84 - waiting for thirdparty lock release [integrity check]
2026-01-19 23:42:19,260 [INFO] PluginManage:359 - Loaded plugin thirdparty (category:base,tabindex:-1)
2026-01-19 23:42:19,260 [INFO] IntegrityCheckThread:86 - entering critical section [integrity check]
2026-01-19 23:42:19,260 [INFO] PluginManage:310 - Check plugin tools
2026-01-19 23:42:19,261 [INFO] ThirdPartyUpdaterWithRetryManager:70 - Updater plugin not ready yet. [1/15]
2026-01-19 23:42:19,262 [INFO] PluginManage:359 - Loaded plugin tools (category:base,tabindex:7)
2026-01-19 23:42:19,262 [INFO] PluginManage:310 - Check plugin tutovideos
2026-01-19 23:42:19,341 [INFO] PluginManage:359 - Loaded plugin tutovideos (category:base,tabindex:-1)
2026-01-19 23:42:19,341 [INFO] PluginManage:310 - Check plugin updater
2026-01-19 23:42:19,352 [INFO] PluginManage:359 - Loaded plugin updater (category:base,tabindex:12)
2026-01-19 23:42:19,352 [INFO] PluginManage:310 - Check plugin userauth
2026-01-19 23:42:19,354 [INFO] UserAuth:118 - Init User Auth plugin
2026-01-19 23:42:19,354 [INFO] PluginManage:359 - Loaded plugin userauth (category:base,tabindex:14)
2026-01-19 23:42:19,354 [INFO] PluginManage:283 - PluginManage : Loaded plugins [18]
2026-01-19 23:42:19,454 [INFO] PinOutPanel:1589 - setPackage(No Configuration,No Configuration)
2026-01-19 23:42:19,501 [INFO] CADModel:165 - CPN selected for project level
2026-01-19 23:42:19,501 [INFO] CADModel:114 - Register for checkConnection events
2026-01-19 23:42:19,511 [INFO] IPUIPlugin:80 - create IPUIPlugin
2026-01-19 23:42:19,511 [INFO] PluginManager:220 - loadIPPluginJar : add adc
2026-01-19 23:42:19,512 [INFO] IPUIPlugin:80 - create IPUIPlugin
2026-01-19 23:42:19,512 [INFO] PluginManager:220 - loadIPPluginJar : add aes
2026-01-19 23:42:19,513 [INFO] IPUIPlugin:80 - create IPUIPlugin
2026-01-19 23:42:19,514 [INFO] PluginManager:220 - loadIPPluginJar : add can
2026-01-19 23:42:19,516 [INFO] IPUIPlugin:80 - create IPUIPlugin
2026-01-19 23:42:19,516 [INFO] PluginManager:220 - loadIPPluginJar : add comp
2026-01-19 23:42:19,518 [INFO] IPUIPlugin:80 - create IPUIPlugin
2026-01-19 23:42:19,518 [INFO] PluginManager:220 - loadIPPluginJar : add cryp
2026-01-19 23:42:19,519 [INFO] IPUIPlugin:80 - create IPUIPlugin
2026-01-19 23:42:19,519 [INFO] PluginManager:220 - loadIPPluginJar : add ddr_ctrl_phy
2026-01-19 23:42:19,520 [INFO] IPUIPlugin:80 - create IPUIPlugin
2026-01-19 23:42:19,520 [INFO] PluginManager:220 - loadIPPluginJar : add dfsdm
2026-01-19 23:42:19,523 [INFO] IPUIPlugin:80 - create IPUIPlugin
2026-01-19 23:42:19,523 [INFO] PluginManager:220 - loadIPPluginJar : add dma
2026-01-19 23:42:19,525 [INFO] IPUIPlugin:80 - create IPUIPlugin
2026-01-19 23:42:19,525 [INFO] PluginManager:220 - loadIPPluginJar : add dma3
2026-01-19 23:42:19,526 [INFO] IPUIPlugin:80 - create IPUIPlugin
2026-01-19 23:42:19,526 [INFO] PluginManager:220 - loadIPPluginJar : add extmemmanager
2026-01-19 23:42:19,527 [INFO] IPUIPlugin:80 - create IPUIPlugin
2026-01-19 23:42:19,527 [INFO] PluginManager:220 - loadIPPluginJar : add fatfs
2026-01-19 23:42:19,530 [INFO] IPUIPlugin:80 - create IPUIPlugin
2026-01-19 23:42:19,530 [INFO] PluginManager:220 - loadIPPluginJar : add fmc
2026-01-19 23:42:19,534 [INFO] IPUIPlugin:80 - create IPUIPlugin
2026-01-19 23:42:19,534 [INFO] PluginManager:220 - loadIPPluginJar : add freertos
2026-01-19 23:42:19,535 [INFO] IPUIPlugin:80 - create IPUIPlugin
2026-01-19 23:42:19,535 [INFO] PluginManager:220 - loadIPPluginJar : add genericplugin
2026-01-19 23:42:19,536 [INFO] IPUIPlugin:80 - create IPUIPlugin
2026-01-19 23:42:19,536 [INFO] PluginManager:220 - loadIPPluginJar : add gfxmmu
2026-01-19 23:42:19,537 [INFO] IPUIPlugin:80 - create IPUIPlugin
2026-01-19 23:42:19,537 [INFO] PluginManager:220 - loadIPPluginJar : add gic
2026-01-19 23:42:19,539 [INFO] IPUIPlugin:80 - create IPUIPlugin
2026-01-19 23:42:19,539 [INFO] PluginManager:220 - loadIPPluginJar : add gpio
2026-01-19 23:42:19,540 [INFO] IPUIPlugin:80 - create IPUIPlugin
2026-01-19 23:42:19,540 [INFO] PluginManager:220 - loadIPPluginJar : add gtzc
2026-01-19 23:42:19,541 [INFO] IPUIPlugin:80 - create IPUIPlugin
2026-01-19 23:42:19,541 [INFO] PluginManager:220 - loadIPPluginJar : add hash
2026-01-19 23:42:19,542 [INFO] IPUIPlugin:80 - create IPUIPlugin
2026-01-19 23:42:19,542 [INFO] PluginManager:220 - loadIPPluginJar : add i2c
2026-01-19 23:42:19,543 [INFO] IPUIPlugin:80 - create IPUIPlugin
2026-01-19 23:42:19,543 [INFO] PluginManager:220 - loadIPPluginJar : add i2s
2026-01-19 23:42:19,544 [INFO] IPUIPlugin:80 - create IPUIPlugin
2026-01-19 23:42:19,544 [INFO] PluginManager:220 - loadIPPluginJar : add i3c
2026-01-19 23:42:19,546 [INFO] IPUIPlugin:80 - create IPUIPlugin
2026-01-19 23:42:19,546 [INFO] PluginManager:220 - loadIPPluginJar : add ipddr
2026-01-19 23:42:19,549 [INFO] IPUIPlugin:80 - create IPUIPlugin
2026-01-19 23:42:19,549 [INFO] PluginManager:220 - loadIPPluginJar : add linkedlist
2026-01-19 23:42:19,551 [INFO] IPUIPlugin:80 - create IPUIPlugin
2026-01-19 23:42:19,551 [INFO] PluginManager:220 - loadIPPluginJar : add lorawan
2026-01-19 23:42:19,552 [INFO] IPUIPlugin:80 - create IPUIPlugin
2026-01-19 23:42:19,552 [INFO] PluginManager:220 - loadIPPluginJar : add ltdc
2026-01-19 23:42:19,554 [INFO] IPUIPlugin:80 - create IPUIPlugin
2026-01-19 23:42:19,554 [INFO] PluginManager:220 - loadIPPluginJar : add mdma
2026-01-19 23:42:19,556 [INFO] IPUIPlugin:80 - create IPUIPlugin
2026-01-19 23:42:19,556 [INFO] PluginManager:220 - loadIPPluginJar : add nvic
2026-01-19 23:42:19,557 [INFO] IPUIPlugin:80 - create IPUIPlugin
2026-01-19 23:42:19,557 [INFO] PluginManager:220 - loadIPPluginJar : add opamp
2026-01-19 23:42:19,558 [INFO] IPUIPlugin:80 - create IPUIPlugin
2026-01-19 23:42:19,558 [INFO] PluginManager:220 - loadIPPluginJar : add openamp
2026-01-19 23:42:19,560 [INFO] IPUIPlugin:80 - create IPUIPlugin
2026-01-19 23:42:19,560 [INFO] PluginManager:220 - loadIPPluginJar : add pdm2pcm
2026-01-19 23:42:19,563 [INFO] IPUIPlugin:80 - create IPUIPlugin
2026-01-19 23:42:19,564 [INFO] PluginManager:220 - loadIPPluginJar : add plateformsettings
2026-01-19 23:42:19,566 [INFO] IPUIPlugin:80 - create IPUIPlugin
2026-01-19 23:42:19,566 [INFO] PluginManager:220 - loadIPPluginJar : add quadspi
2026-01-19 23:42:19,567 [INFO] IPUIPlugin:80 - create IPUIPlugin
2026-01-19 23:42:19,567 [INFO] PluginManager:220 - loadIPPluginJar : add radio
2026-01-19 23:42:19,568 [INFO] IPUIPlugin:80 - create IPUIPlugin
2026-01-19 23:42:19,568 [INFO] PluginManager:220 - loadIPPluginJar : add resmgrutility
2026-01-19 23:42:19,569 [INFO] IPUIPlugin:80 - create IPUIPlugin
2026-01-19 23:42:19,569 [INFO] PluginManager:220 - loadIPPluginJar : add sai
2026-01-19 23:42:19,570 [INFO] IPUIPlugin:80 - create IPUIPlugin
2026-01-19 23:42:19,570 [INFO] PluginManager:220 - loadIPPluginJar : add spi
2026-01-19 23:42:19,573 [INFO] IPUIPlugin:80 - create IPUIPlugin
2026-01-19 23:42:19,573 [INFO] PluginManager:220 - loadIPPluginJar : add stm32_wpan
2026-01-19 23:42:19,574 [INFO] IPUIPlugin:80 - create IPUIPlugin
2026-01-19 23:42:19,574 [INFO] PluginManager:220 - loadIPPluginJar : add tim
2026-01-19 23:42:19,575 [INFO] IPUIPlugin:80 - create IPUIPlugin
2026-01-19 23:42:19,575 [INFO] PluginManager:220 - loadIPPluginJar : add touchsensing
2026-01-19 23:42:19,576 [INFO] IPUIPlugin:80 - create IPUIPlugin
2026-01-19 23:42:19,576 [INFO] PluginManager:220 - loadIPPluginJar : add tracer_emb
2026-01-19 23:42:19,577 [INFO] IPUIPlugin:80 - create IPUIPlugin
2026-01-19 23:42:19,577 [INFO] PluginManager:220 - loadIPPluginJar : add ts
2026-01-19 23:42:19,578 [INFO] IPUIPlugin:80 - create IPUIPlugin
2026-01-19 23:42:19,578 [INFO] PluginManager:220 - loadIPPluginJar : add tsc
2026-01-19 23:42:19,579 [INFO] IPUIPlugin:80 - create IPUIPlugin
2026-01-19 23:42:19,579 [INFO] PluginManager:220 - loadIPPluginJar : add ucpd
2026-01-19 23:42:19,580 [INFO] IPUIPlugin:80 - create IPUIPlugin
2026-01-19 23:42:19,580 [INFO] PluginManager:220 - loadIPPluginJar : add usart
2026-01-19 23:42:19,581 [INFO] IPUIPlugin:80 - create IPUIPlugin
2026-01-19 23:42:19,581 [INFO] PluginManager:220 - loadIPPluginJar : add usbx
2026-01-19 23:42:19,685 [FATAL] Updater:351 - Updater called before beeing initialized
2026-01-19 23:42:19,698 [INFO] RulesReader:64 - Compatibility file has been processed (297 Rules)
2026-01-19 23:42:19,705 [INFO] RulesReader:64 - Compatibility file has been processed (297 Rules)
2026-01-19 23:42:19,711 [INFO] CADModel:165 - CPN selected for project level
2026-01-19 23:42:19,711 [INFO] CADModel:114 - Register for checkConnection events
2026-01-19 23:42:19,711 [FATAL] Updater:351 - Updater called before beeing initialized
2026-01-19 23:42:19,711 [ERROR] CADModel:125 - Updater not yet initialized, retry later 
2026-01-19 23:42:19,800 [FATAL] Updater:351 - Updater called before beeing initialized
2026-01-19 23:42:19,800 [INFO] CADModel:165 - CPN selected for project level
2026-01-19 23:42:19,800 [INFO] CADModel:114 - Register for checkConnection events
2026-01-19 23:42:19,801 [FATAL] Updater:351 - Updater called before beeing initialized
2026-01-19 23:42:19,801 [ERROR] CADModel:125 - Updater not yet initialized, retry later 
2026-01-19 23:42:19,802 [FATAL] Updater:351 - Updater called before beeing initialized
2026-01-19 23:42:19,854 [FATAL] Updater:351 - Updater called before beeing initialized
2026-01-19 23:42:19,856 [INFO] DbMcusAds:53 - JSON generation date=Tue Dec 17 08:01:15 PST 2024 (1734451275111)
2026-01-19 23:42:19,856 [FATAL] Updater:351 - Updater called before beeing initialized
2026-01-19 23:42:19,874 [WARN] DetailPanel:346 - Failed to get advertising image, set to default
2026-01-19 23:42:20,012 [FATAL] Updater:351 - Updater called before beeing initialized
2026-01-19 23:42:20,013 [FATAL] Updater:351 - Updater called before beeing initialized
2026-01-19 23:42:20,013 [FATAL] Updater:351 - Updater called before beeing initialized
2026-01-19 23:42:20,013 [WARN] DetailPanel:346 - Failed to get advertising image, set to default
2026-01-19 23:42:20,014 [FATAL] Updater:351 - Updater called before beeing initialized
2026-01-19 23:42:20,037 [ERROR] Updater:1198 - MainUpdater not yet initialized. External WinMGr cannot be set.
2026-01-19 23:42:20,038 [INFO] Updater:1134 - Updater Version found : 6.13.0
2026-01-19 23:42:20,046 [INFO] ApplicationProperties:184 - Using Application install path: C:\ST\STM32CubeIDE_1.16.0\STM32CubeIDE\plugins\com.st.stm32cube.common.mx_6.13.0.202411220809
2026-01-19 23:42:21,608 [ERROR] LogOutputStream:75 - [STDERR_REDIRECT] Jan 19, 2026 11:42:21 PM java.util.prefs.WindowsPreferences <init>
2026-01-19 23:42:21,609 [ERROR] LogOutputStream:75 - [STDERR_REDIRECT] WARNING: Could not open/create prefs root node Software\JavaSoft\Prefs at root 0xffffffff80000002. Windows RegCreateKeyEx(...) returned error code 5.
2026-01-19 23:42:21,609 [ERROR] LogOutputStream:75 - [STDERR_REDIRECT] 
2026-01-19 23:42:21,821 [INFO] MainUpdater:2872 - connection check result : 10
2026-01-19 23:42:21,822 [INFO] MainUpdater:3566 - Updater definition file requires update
2026-01-19 23:42:21,822 [INFO] MainUpdater:289 - Updater Check For Update Now.
2026-01-19 23:42:21,822 [INFO] MicroXplorer:498 - Change Database Version : DB.6.0.130
2026-01-19 23:42:21,830 [INFO] McuFinderGlobals:63 - Set McuFinder mode to 2 (CubeIDE integrated)
2026-01-19 23:42:21,830 [INFO] UserAuth:486 - Internet connection configuration mode: 1
2026-01-19 23:42:21,836 [INFO] JxBrowserEngine:152 - Initiate JxBrowser Engine with user profile folder
2026-01-19 23:42:21,880 [INFO] ServerAccessManage:473 - Download File updaters.zip
2026-01-19 23:42:21,950 [INFO] FileExtend:240 - Unzip File : updaters.zip
2026-01-19 23:42:21,950 [INFO] FileExtend:255 - Standard Zip Deflate
2026-01-19 23:42:22,169 [INFO] ServerAccessManage:473 - Download File PacksControlFlags.xml
2026-01-19 23:42:22,225 [INFO] ServerAccessManage:473 - Download File cubemx.pidx
2026-01-19 23:42:22,261 [WARN] MainUpdater:1193 - Updater busy. Cannot search thirdparties
2026-01-19 23:42:22,261 [INFO] ThirdPartyUpdaterWithRetryManager:96 - Updater plugin is busy. [1/15]
2026-01-19 23:42:22,283 [INFO] LoadServerUpdatesThread:375 - End of LoadServerUpdate Thread
2026-01-19 23:42:22,383 [INFO] WebApp:168 - Instantiating new browser for Auth
2026-01-19 23:42:22,434 [INFO] CheckServerUpdateThread:120 - End of CheckServer Thread
2026-01-19 23:42:22,790 [INFO] WebApp:449 - Apply proxy settings
2026-01-19 23:42:22,790 [INFO] WebApp:534 - Chromium requires no authentication
2026-01-19 23:42:22,794 [INFO] WebApp:477 - Direct internet connection detected
2026-01-19 23:42:22,805 [INFO] WebApp:880 - Register for checkConnection events
2026-01-19 23:42:22,805 [INFO] WebApp:449 - Apply proxy settings
2026-01-19 23:42:22,805 [INFO] WebApp:534 - Chromium requires no authentication
2026-01-19 23:42:22,805 [INFO] WebApp:477 - Direct internet connection detected
2026-01-19 23:42:22,885 [INFO] WebApp:221 - Starting web application
2026-01-19 23:42:22,885 [INFO] WebApp:579 - Web application path used C:\ST\STM32CubeIDE_1.16.0\STM32CubeIDE\plugins\com.st.stm32cube.common.mx_6.13.0.202411220809\db\plugins\mcufinder\reactClient1\index.html
2026-01-19 23:42:22,927 [INFO] UserAuth:486 - Internet connection configuration mode: 1
2026-01-19 23:42:23,142 [INFO] WebApp:187 - Connection restablished
2026-01-19 23:42:25,426 [WARN] PackLoader:240 - Cannot read IP mode file for STMicroelectronics.FP-SNS-MOTENVWB1.1.4.0
2026-01-19 23:42:25,431 [WARN] PackLoader:240 - Cannot read IP mode file for STMicroelectronics.FP-ATR-ASTRA1.2.0.2
2026-01-19 23:42:25,444 [WARN] PackLoader:240 - Cannot read IP mode file for STMicroelectronics.FP-ATR-ASTRA1.2.0.1
2026-01-19 23:42:25,457 [WARN] PackLoader:240 - Cannot read IP mode file for STMicroelectronics.X-CUBE-SMBUS.2.1.0
2026-01-19 23:42:25,474 [WARN] PackLoader:240 - Cannot read IP mode file for STMicroelectronics.X-CUBE-WB05N.1.1.0
2026-01-19 23:42:25,487 [WARN] PackLoader:240 - Cannot read IP mode file for STMicroelectronics.X-CUBE-ST60.1.0.0
2026-01-19 23:42:25,513 [WARN] PackLoader:240 - Cannot read IP mode file for STMicroelectronics.X-CUBE-AZRTOS-F7.1.1.0
2026-01-19 23:42:25,548 [WARN] PackLoader:240 - Cannot read IP mode file for STMicroelectronics.X-CUBE-MEMS1.11.0.0
2026-01-19 23:42:25,636 [WARN] PackLoader:240 - Cannot read IP mode file for STMicroelectronics.FP-SNS-FLIGHT1.5.0.2
2026-01-19 23:42:25,649 [WARN] PackLoader:240 - Cannot read IP mode file for STMicroelectronics.X-CUBE-DISPLAY.3.0.0
2026-01-19 23:42:25,663 [WARN] PackLoader:240 - Cannot read IP mode file for STMicroelectronics.X-CUBE-BLE1.7.0.0
2026-01-19 23:42:25,676 [WARN] PackLoader:240 - Cannot read IP mode file for STMicroelectronics.X-CUBE-NFC10.1.0.0
2026-01-19 23:42:25,692 [WARN] PackLoader:240 - Cannot read IP mode file for STMicroelectronics.X-CUBE-BLEMGR.4.0.0
2026-01-19 23:42:25,707 [WARN] PackLoader:240 - Cannot read IP mode file for emotas.I-CUBE-CANOPEN.1.3.0
2026-01-19 23:42:25,722 [WARN] PackLoader:240 - Cannot read IP mode file for STMicroelectronics.X-CUBE-BLEMGR.3.1.0
2026-01-19 23:42:25,736 [WARN] PackLoader:240 - Cannot read IP mode file for STMicroelectronics.X-CUBE-AI.10.0.0
2026-01-19 23:42:25,748 [WARN] PackLoader:240 - Cannot read IP mode file for STMicroelectronics.FP-SNS-SMARTAG2.1.2.0
2026-01-19 23:42:25,749 [WARN] PackLoader:240 - Cannot read IP mode file for STMicroelectronics.FP-SNS-FLIGHT1.5.1.0
2026-01-19 23:42:25,780 [WARN] PackLoader:240 - Cannot read IP mode file for STMicroelectronics.X-CUBE-MEMS1.11.1.0
2026-01-19 23:42:25,837 [INFO] LogOutputStream:77 - [STDOUT_REDIRECT] 1 : Invalid condition id : UX_CORESTACK_Condition cause : null
2026-01-19 23:42:25,837 [INFO] LogOutputStream:77 - [STDOUT_REDIRECT] 1 : Invalid condition id : UX_CORESTACK_Condition cause : null
2026-01-19 23:42:25,838 [INFO] LogOutputStream:77 - [STDOUT_REDIRECT] 1 : Invalid condition id : UX_CORESTACK_Condition cause : null
2026-01-19 23:42:25,839 [INFO] LogOutputStream:77 - [STDOUT_REDIRECT] 1 : Invalid condition id : UX_CORESTACK_Condition cause : null
2026-01-19 23:42:25,839 [INFO] LogOutputStream:77 - [STDOUT_REDIRECT] 1 : Invalid condition id : UX_CORESTACK_Condition cause : null
2026-01-19 23:42:25,840 [WARN] PackLoader:240 - Cannot read IP mode file for STMicroelectronics.X-CUBE-AZRTOS-WL.2.0.0
2026-01-19 23:42:25,856 [WARN] PackLoader:240 - Cannot read IP mode file for STMicroelectronics.FP-SNS-MOTENV1.5.0.0
2026-01-19 23:42:25,868 [WARN] PackLoader:240 - Cannot read IP mode file for wolfSSL.I-CUBE-wolfMQTT.1.19.0
2026-01-19 23:42:25,884 [WARN] PackLoader:240 - Cannot read IP mode file for WES.I-CUBE-Cesium.1.3.0
2026-01-19 23:42:25,897 [WARN] PackLoader:240 - Cannot read IP mode file for STMicroelectronics.X-CUBE-BLE2.3.3.0
2026-01-19 23:42:25,911 [WARN] PackLoader:240 - Cannot read IP mode file for STMicroelectronics.X-CUBE-NFC9.1.0.0
2026-01-19 23:42:25,924 [WARN] PackLoader:240 - Cannot read IP mode file for STMicroelectronics.X-CUBE-BLE1.7.1.0
2026-01-19 23:42:25,937 [WARN] PackLoader:240 - Cannot read IP mode file for STMicroelectronics.X-CUBE-TCPP.4.1.0
2026-01-19 23:42:25,949 [WARN] PackLoader:240 - Cannot read IP mode file for STMicroelectronics.X-CUBE-AI.10.1.0
2026-01-19 23:42:25,987 [WARN] PackLoader:240 - Cannot read IP mode file for STMicroelectronics.X-CUBE-MEMS1.11.2.0
2026-01-19 23:42:26,038 [WARN] PackLoader:240 - Cannot read IP mode file for STMicroelectronics.X-CUBE-AZRTOS-G0.1.1.0
2026-01-19 23:42:26,052 [WARN] PackLoader:240 - Cannot read IP mode file for STMicroelectronics.X-CUBE-SAFEA1.1.2.2
2026-01-19 23:42:26,066 [WARN] PackLoader:240 - Cannot read IP mode file for STMicroelectronics.X-CUBE-NFC4.3.0.0
2026-01-19 23:42:26,080 [WARN] PackLoader:240 - Cannot read IP mode file for EmbeddedOffice.I-CUBE-FS-RTOS.1.0.1
2026-01-19 23:42:26,094 [WARN] PackLoader:240 - Cannot read IP mode file for STMicroelectronics.X-CUBE-WB05N.2.0.0
2026-01-19 23:42:26,106 [WARN] PackLoader:240 - Cannot read IP mode file for STMicroelectronics.X-CUBE-TCPP.4.2.0
2026-01-19 23:42:26,118 [WARN] PackLoader:240 - Cannot read IP mode file for RealThread.X-CUBE-RT-Thread_Nano.4.1.1
2026-01-19 23:42:26,122 [WARN] PackLoader:240 - Cannot read IP mode file for STMicroelectronics.FP-ATR-SIGFOX1.3.2.0
2026-01-19 23:42:26,132 [WARN] PackLoader:240 - Cannot read IP mode file for wolfSSL.I-CUBE-wolfSSL.5.7.2
2026-01-19 23:42:26,143 [WARN] ConditionMgr:438 - getConditionDescription Invalid condition id : Cortex-A Device cause : null
2026-01-19 23:42:26,156 [WARN] ConditionMgr:1044 - genDependencies : Invalid condition id : Cortex-A Device cause : null
2026-01-19 23:42:26,157 [WARN] ConditionMgr:1044 - genDependencies : Invalid condition id : Cortex-A Device cause : null
2026-01-19 23:42:26,157 [WARN] ConditionMgr:1044 - genDependencies : Invalid condition id : Cortex-A Device cause : null
2026-01-19 23:42:26,169 [WARN] PackLoader:240 - Cannot read IP mode file for STMicroelectronics.X-CUBE-EEPRMA1.5.1.0
2026-01-19 23:42:26,183 [WARN] PackLoader:240 - Cannot read IP mode file for ITTIA_DB.I-CUBE-ITTIADB.8.9.0
2026-01-19 23:42:26,201 [WARN] PackLoader:240 - Cannot read IP mode file for SEGGER.I-CUBE-embOS.1.3.1
2026-01-19 23:42:26,224 [WARN] PackLoader:240 - Cannot read IP mode file for STMicroelectronics.X-CUBE-ALGOBUILD.1.4.0
2026-01-19 23:42:26,236 [WARN] PackLoader:240 - Cannot read IP mode file for STMicroelectronics.X-CUBE-AI.9.1.0
2026-01-19 23:42:26,247 [WARN] PackLoader:240 - Cannot read IP mode file for STMicroelectronics.X-CUBE-GNSS1.6.0.0
2026-01-19 23:42:26,266 [WARN] PackLoader:240 - Cannot read IP mode file for STMicroelectronics.X-CUBE-AZRTOS-F4.1.1.0
2026-01-19 23:42:26,279 [WARN] PackLoader:240 - Cannot read IP mode file for Avnet-IotConnect.X-CUBE-IoTC-DA16k-PMOD.1.0.0
2026-01-19 23:42:26,289 [WARN] PackLoader:240 - Cannot read IP mode file for STMicroelectronics.X-CUBE-ISPU.2.1.0
2026-01-19 23:42:26,299 [WARN] PackLoader:240 - Cannot read IP mode file for STMicroelectronics.X-CUBE-FREERTOS.1.2.0
2026-01-19 23:42:26,317 [WARN] PackLoader:240 - Cannot read IP mode file for STMicroelectronics.X-CUBE-AZRTOS-L5.2.0.0
2026-01-19 23:42:26,329 [WARN] PackLoader:240 - Cannot read IP mode file for STMicroelectronics.X-CUBE-NFC6.3.1.0
2026-01-19 23:42:26,342 [WARN] PackLoader:240 - Cannot read IP mode file for STMicroelectronics.X-CUBE-DPower.1.2.0
2026-01-19 23:42:26,353 [WARN] PackLoader:240 - Cannot read IP mode file for STMicroelectronics.X-CUBE-AI.9.0.0
2026-01-19 23:42:26,366 [WARN] PackLoader:240 - Cannot read IP mode file for STMicroelectronics.X-CUBE-FREERTOS.1.3.1
2026-01-19 23:42:26,376 [WARN] PackLoader:240 - Cannot read IP mode file for STMicroelectronics.X-CUBE-FREERTOS.1.3.0
2026-01-19 23:42:26,387 [WARN] PackLoader:240 - Cannot read IP mode file for STMicroelectronics.X-CUBE-NFC7.1.0.1
2026-01-19 23:42:26,400 [WARN] PackLoader:240 - Cannot read IP mode file for STMicroelectronics.X-CUBE-DPower.1.3.0
2026-01-19 23:42:26,420 [WARN] ConditionMgr:438 - getConditionDescription Invalid condition id : LAN8742 Phy interface Condition cause : null
2026-01-19 23:42:26,420 [WARN] PackLoader:240 - Cannot read IP mode file for STMicroelectronics.X-CUBE-AZRTOS-L4.2.0.0
2026-01-19 23:42:26,421 [WARN] ConditionMgr:1044 - genDependencies : Invalid condition id : LAN8742 Phy interface Condition cause : null
2026-01-19 23:42:26,421 [WARN] ConditionMgr:1044 - genDependencies : Invalid condition id : LAN8742 Phy interface Condition cause : null
2026-01-19 23:42:26,421 [WARN] ConditionMgr:1044 - genDependencies : Invalid condition id : LAN8742 Phy interface Condition cause : null
2026-01-19 23:42:26,433 [WARN] PackLoader:240 - Cannot read IP mode file for STMicroelectronics.X-CUBE-SFXS2LP1.4.0.0
2026-01-19 23:42:26,451 [WARN] PackLoader:240 - Cannot read IP mode file for STMicroelectronics.X-CUBE-AZRTOS-H7.3.3.0
2026-01-19 23:42:26,465 [WARN] PackLoader:240 - Cannot read IP mode file for STMicroelectronics.X-CUBE-IPS.3.0.0
2026-01-19 23:42:26,481 [WARN] ConditionMgr:438 - getConditionDescription Invalid condition id : UX DEVICE CLASS RTOS Condition cause : null
2026-01-19 23:42:26,481 [WARN] ConditionMgr:438 - getConditionDescription Invalid condition id : UX DEVICE CLASS RTOS Condition cause : null
2026-01-19 23:42:26,482 [WARN] PackLoader:240 - Cannot read IP mode file for STMicroelectronics.X-CUBE-AZRTOS-WB.2.0.0
2026-01-19 23:42:26,482 [WARN] ConditionMgr:1044 - genDependencies : Invalid condition id : UX DEVICE CLASS RTOS Condition cause : null
2026-01-19 23:42:26,482 [WARN] ConditionMgr:1044 - genDependencies : Invalid condition id : UX DEVICE CLASS RTOS Condition cause : null
2026-01-19 23:42:26,482 [WARN] ConditionMgr:1044 - genDependencies : Invalid condition id : UX DEVICE CLASS RTOS Condition cause : null
2026-01-19 23:42:26,482 [WARN] ConditionMgr:1044 - genDependencies : Invalid condition id : UX DEVICE CLASS RTOS Condition cause : null
2026-01-19 23:42:26,482 [WARN] ConditionMgr:1044 - genDependencies : Invalid condition id : UX DEVICE CLASS RTOS Condition cause : null
2026-01-19 23:42:26,492 [WARN] PackLoader:240 - Cannot read IP mode file for STMicroelectronics.X-CUBE-GNSS1.7.0.0
2026-01-19 23:42:26,503 [WARN] PackLoader:240 - Cannot read IP mode file for STMicroelectronics.X-CUBE-GNSS1.7.0.1
2026-01-19 23:42:26,516 [WARN] PackLoader:240 - Cannot read IP mode file for STMicroelectronics.X-CUBE-TOUCHGFX.4.25.0
2026-01-19 23:42:26,529 [WARN] PackLoader:240 - Cannot read IP mode file for STMicroelectronics.FP-SNS-STBOX1.2.0.0
2026-01-19 23:42:26,540 [WARN] PackLoader:240 - Cannot read IP mode file for STMicroelectronics.X-CUBE-SUBG2.5.0.0
2026-01-19 23:42:26,559 [WARN] PackLoader:240 - Cannot read IP mode file for STMicroelectronics.X-CUBE-AZRTOS-H7RS.1.1.0
2026-01-19 23:42:26,571 [WARN] PackLoader:240 - Cannot read IP mode file for Cesanta.I-CUBE-Mongoose.7.13.0
2026-01-19 23:42:26,586 [WARN] PackLoader:240 - Cannot read IP mode file for STMicroelectronics.X-CUBE-AZRTOS-G4.2.0.0
2026-01-19 23:42:26,597 [WARN] PackLoader:240 - Cannot read IP mode file for STMicroelectronics.X-CUBE-NFC7.2.0.0
2026-01-19 23:42:26,606 [WARN] PackLoader:240 - Cannot read IP mode file for STMicroelectronics.X-CUBE-ISPU.2.0.0
2026-01-19 23:42:26,618 [WARN] PackLoader:240 - Cannot read IP mode file for STMicroelectronics.X-CUBE-IPS.3.1.0
2026-01-19 23:42:26,630 [WARN] PackLoader:240 - Cannot read IP mode file for STMicroelectronics.X-CUBE-ALS.1.0.2
2026-01-19 23:42:26,653 [WARN] PackLoader:240 - Cannot read IP mode file for STMicroelectronics.X-CUBE-TOUCHGFX.4.24.0
2026-01-19 23:42:26,727 [WARN] PackLoader:240 - Cannot read IP mode file for STMicroelectronics.X-CUBE-TOUCHGFX.4.24.2
2026-01-19 23:42:26,738 [WARN] PackLoader:240 - Cannot read IP mode file for STMicroelectronics.X-CUBE-TOUCHGFX.4.24.1
2026-01-19 23:42:26,749 [WARN] PackLoader:240 - Cannot read IP mode file for wolfSSL.I-CUBE-wolfTPM.3.4.0
2026-01-19 23:42:26,763 [WARN] PackLoader:240 - Cannot read IP mode file for portGmbH.I-Cube-SoM-uGOAL.1.1.0
2026-01-19 23:42:26,786 [WARN] PackLoader:240 - Cannot read IP mode file for STMicroelectronics.X-CUBE-AZRTOS-H7RS.1.0.0
2026-01-19 23:42:26,798 [WARN] PackLoader:240 - Cannot read IP mode file for STMicroelectronics.FP-ATR-ASTRA1.2.0.0
2026-01-19 23:42:26,813 [WARN] PackLoader:240 - Cannot read IP mode file for STMicroelectronics.X-CUBE-TOF1.3.4.2
2026-01-19 23:42:26,831 [WARN] PackLoader:240 - Cannot read IP mode file for STMicroelectronics.X-CUBE-TOF1.3.4.3
2026-01-19 23:42:26,849 [WARN] PackLoader:240 - Cannot read IP mode file for Infineon.AIROC-Wi-Fi-Bluetooth-STM32.1.6.1
2026-01-19 23:42:26,861 [WARN] PackLoader:240 - Cannot read IP mode file for wolfSSL.I-CUBE-wolfSSH.1.4.17
2026-01-19 23:42:26,861 [INFO] ThirdParty:978 - Integrity check success = true
2026-01-19 23:42:26,862 [INFO] IntegrityCheckThread:100 - exiting critical section [integrity check]
2026-01-19 23:42:26,862 [INFO] IntegrityCheckThread:103 - End integrity checks thread
2026-01-19 23:43:00,522 [INFO] Activator:176 - 


2026-01-19 23:43:00,524 [INFO] Activator:177 - !SESSION log4j initialized
2026-01-19 23:43:02,408 [INFO] LogOutputStream:77 - [STDOUT_REDIRECT] 
2026-01-19 23:43:08,864 [INFO] ApplicationProperties:184 - Using Application install path: C:\ST\STM32CubeIDE_1.16.0\STM32CubeIDE\plugins\com.st.stm32cube.common.mx_6.13.0.202411220809
2026-01-19 23:43:08,873 [INFO] DbMcusXml:78 - Set database path to: C:\ST\STM32CubeIDE_1.16.0\STM32CubeIDE\plugins\com.st.stm32cube.common.mx_6.13.0.202411220809\\db\/mcu/
2026-01-19 23:43:08,873 [INFO] ApiDb:274 - Set plugin database path to: C:\ST\STM32CubeIDE_1.16.0\STM32CubeIDE\plugins\com.st.stm32cube.common.mx_6.13.0.202411220809\\db\/plugins/boardmanager/
2026-01-19 23:43:08,873 [WARN] ApiDb:259 - Overriding images path with different value:  => C:\ST\STM32CubeIDE_1.16.0\STM32CubeIDE\plugins\com.st.stm32cube.common.mx_6.13.0.202411220809\\db\/plugins/mcufinder/images/
2026-01-19 23:43:08,876 [INFO] ApiDb:250 - Set database path to: C:\Users\imjus\.stmcufinder\plugins\mcufinder//mcu/
2026-01-19 23:43:08,877 [INFO] DbMcusAds:125 - Set database path to: C:\Users\imjus\.stmcufinder\plugins\mcufinder//mcu/
2026-01-19 23:43:08,877 [INFO] CrossReferenceDbSqlite:203 - Set database path to: C:\Users\imjus\.stmcufinder\plugins\mcufinder//mcu/cs/
2026-01-19 23:43:08,936 [INFO] RulesReader:64 - Compatibility file has been processed (297 Rules)
2026-01-19 23:43:08,984 [INFO] DbMcusXml:78 - Set database path to: C:\ST\STM32CubeIDE_1.16.0\STM32CubeIDE\plugins\com.st.stm32cube.common.mx_6.13.0.202411220809\\db\/mcu/
2026-01-19 23:43:08,984 [INFO] ApiDb:274 - Set plugin database path to: C:\ST\STM32CubeIDE_1.16.0\STM32CubeIDE\plugins\com.st.stm32cube.common.mx_6.13.0.202411220809\\db\/plugins/boardmanager/
2026-01-19 23:43:08,984 [INFO] ApiDb:261 - Set plugin images path to: C:\ST\STM32CubeIDE_1.16.0\STM32CubeIDE\plugins\com.st.stm32cube.common.mx_6.13.0.202411220809\\db\/plugins/mcufinder/images/
2026-01-19 23:43:08,985 [WARN] DbFile:41 - Overriding database path with different value: C:\Users\imjus\.stmcufinder\plugins\mcufinder/ => C:\Users\imjus\.stmcufinder\plugins\mcufinder
2026-01-19 23:43:08,985 [INFO] ApiDb:250 - Set database path to: C:\Users\imjus\.stmcufinder\plugins\mcufinder//mcu/
2026-01-19 23:43:08,985 [WARN] DbFile:41 - Overriding database path with different value: C:\Users\imjus\.stmcufinder\plugins\mcufinder/ => C:\Users\imjus\.stmcufinder\plugins\mcufinder
2026-01-19 23:43:08,985 [INFO] DbMcusAds:125 - Set database path to: C:\Users\imjus\.stmcufinder\plugins\mcufinder//mcu/
2026-01-19 23:43:08,985 [WARN] DbFile:41 - Overriding database path with different value: C:\Users\imjus\.stmcufinder\plugins\mcufinder/ => C:\Users\imjus\.stmcufinder\plugins\mcufinder
2026-01-19 23:43:08,985 [WARN] DbFile:41 - Overriding database path with different value: C:\Users\imjus\.stmcufinder\plugins\mcufinder/ => C:\Users\imjus\.stmcufinder\plugins\mcufinder
2026-01-19 23:43:08,985 [INFO] CrossReferenceDbSqlite:203 - Set database path to: C:\Users\imjus\.stmcufinder\plugins\mcufinder//mcu/cs/
2026-01-19 23:43:09,034 [INFO] MainPanel:272 - HeapMemory: 268435456
2026-01-19 23:43:09,083 [INFO] DbMcusXml:78 - Set database path to: C:\ST\STM32CubeIDE_1.16.0\STM32CubeIDE\plugins\com.st.stm32cube.common.mx_6.13.0.202411220809\\db\/mcu/
2026-01-19 23:43:09,083 [INFO] ApiDb:274 - Set plugin database path to: C:\ST\STM32CubeIDE_1.16.0\STM32CubeIDE\plugins\com.st.stm32cube.common.mx_6.13.0.202411220809\\db\/plugins/boardmanager/
2026-01-19 23:43:09,083 [INFO] ApiDb:261 - Set plugin images path to: C:\ST\STM32CubeIDE_1.16.0\STM32CubeIDE\plugins\com.st.stm32cube.common.mx_6.13.0.202411220809\\db\/plugins/mcufinder/images/
2026-01-19 23:43:09,083 [WARN] DbFile:41 - Overriding database path with different value: C:\Users\imjus\.stmcufinder\plugins\mcufinder/ => C:\Users\imjus\.stmcufinder\plugins\mcufinder
2026-01-19 23:43:09,083 [INFO] ApiDb:250 - Set database path to: C:\Users\imjus\.stmcufinder\plugins\mcufinder//mcu/
2026-01-19 23:43:09,083 [WARN] DbFile:41 - Overriding database path with different value: C:\Users\imjus\.stmcufinder\plugins\mcufinder/ => C:\Users\imjus\.stmcufinder\plugins\mcufinder
2026-01-19 23:43:09,083 [INFO] DbMcusAds:125 - Set database path to: C:\Users\imjus\.stmcufinder\plugins\mcufinder//mcu/
2026-01-19 23:43:09,083 [WARN] DbFile:41 - Overriding database path with different value: C:\Users\imjus\.stmcufinder\plugins\mcufinder/ => C:\Users\imjus\.stmcufinder\plugins\mcufinder
2026-01-19 23:43:09,083 [WARN] DbFile:41 - Overriding database path with different value: C:\Users\imjus\.stmcufinder\plugins\mcufinder/ => C:\Users\imjus\.stmcufinder\plugins\mcufinder
2026-01-19 23:43:09,083 [INFO] CrossReferenceDbSqlite:203 - Set database path to: C:\Users\imjus\.stmcufinder\plugins\mcufinder//mcu/cs/
2026-01-19 23:43:09,104 [INFO] ApplicationProperties:184 - Using Application install path: C:\ST\STM32CubeIDE_1.16.0\STM32CubeIDE\plugins\com.st.stm32cube.common.mx_6.13.0.202411220809
2026-01-19 23:43:09,105 [INFO] PluginManage:196 - Search for loadable plugins [exclusion list=, ]
2026-01-19 23:43:09,107 [INFO] PluginManage:310 - Check plugin analytics
